// Jest Snapshot v1, https://goo.gl/fbAQLP

exports[`ContactSection matches snapshot 1`] = `
<DocumentFragment>
  <section>
    <h2
      class="text-2xl md:text-3xl font-bold border-b-2 border-red-600 pb-2 text-[#1a3c6e] dark:text-white"
    >
      Contact & Location
    </h2>
    <div
      class="mt-4 md:mt-6 space-y-3 text-sm md:text-base text-gray-700 dark:text-gray-300"
    >
      <p>
        <strong>
          Address:
        </strong>
        <br />
        1234 Auto Drive
        <br />
        Springfield, IL 62701
      </p>
      <div
        class="w-full h-[200px] md:h-[250px] bg-gray-200 dark:bg-gray-700 rounded mt-3 overflow-hidden"
      >
        <img
          alt="Map"
          class="w-full h-full object-cover"
          data-testid="mock-image"
          height="250"
          src="/api/placeholder/400/250"
          width="400"
        />
      </div>
      <p
        class="mt-3"
      >
        <strong>
          Phone:
        </strong>
         (555) 123-4567
      </p>
      <p>
        <strong>
          Email:
        </strong>
         service@mikesauto.com
      </p>
      <p>
        <strong>
          Website:
        </strong>
         
        <a
          class="text-blue-600 dark:text-blue-400 hover:underline"
          href="https://www.mikesauto.com"
          rel="noopener noreferrer"
          target="_blank"
        >
          www.mikesauto.com
        </a>
      </p>
    </div>
  </section>
</DocumentFragment>
`;
