// Jest Snapshot v1, https://goo.gl/fbAQLP

exports[`FiltersBar Component matches snapshot 1`] = `
<DocumentFragment>
  <div
    class="bg-gray-100 dark:bg-gray-900 p-4 rounded-lg mb-6"
  >
    <div
      class="flex items-center gap-3 flex-wrap"
    >
      <div
        class="flex items-center gap-2 font-medium text-gray-700 dark:text-gray-200"
      >
        <svg
          data-testid="filter-icon"
        />
        Filters:
      </div>
      <button
        class="px-4 py-2 rounded-full text-sm font-medium transition-colors
              bg-white text-gray-800 hover:bg-gray-200 dark:bg-gray-800 dark:text-gray-200 dark:hover:bg-gray-700"
      >
        Open Now
      </button>
      <button
        class="px-4 py-2 rounded-full text-sm font-medium transition-colors
              bg-white text-gray-800 hover:bg-gray-200 dark:bg-gray-800 dark:text-gray-200 dark:hover:bg-gray-700"
      >
        Top Rated
      </button>
      <button
        class="px-4 py-2 rounded-full text-sm font-medium transition-colors
              bg-white text-gray-800 hover:bg-gray-200 dark:bg-gray-800 dark:text-gray-200 dark:hover:bg-gray-700"
      >
        Within 2 miles
      </button>
      <button
        class="px-4 py-2 rounded-full text-sm font-medium transition-colors
              bg-white text-gray-800 hover:bg-gray-200 dark:bg-gray-800 dark:text-gray-200 dark:hover:bg-gray-700"
      >
        Free Estimates
      </button>
      <button
        class="px-4 py-2 rounded-full text-sm font-medium transition-colors
              bg-white text-gray-800 hover:bg-gray-200 dark:bg-gray-800 dark:text-gray-200 dark:hover:bg-gray-700"
      >
        Price: $$$
      </button>
    </div>
  </div>
</DocumentFragment>
`;
